<html>
<body>
<pre>
<h1>µVision Build Log</h1>
<h2>Tool Versions:</h2>
IDE-Version: µVision V5.36.0.0
Copyright (C) 2021 ARM Ltd and ARM Germany GmbH. All rights reserved.
License Information: denis fedorov, sfu, LIC=----
 
Tool Versions:
Toolchain:       MDK-Lite  Version: 5.36.0.0
Toolchain Path:  C:\Keil_v5\ARM\ARMCC\Bin
C Compiler:      Armcc.exe V5.06 update 7 (build 960)
Assembler:       Armasm.exe V5.06 update 7 (build 960)
Linker/Locator:  ArmLink.exe V5.06 update 7 (build 960)
Library Manager: ArmAr.exe V5.06 update 7 (build 960)
Hex Converter:   FromElf.exe V5.06 update 7 (build 960)
CPU DLL:         SARMCM3.DLL V5.36.0.0
Dialog DLL:      DCM.DLL V1.17.3.0
Target DLL:      STLink\ST-LINKIII-KEIL_SWO.dll V3.0.9.0
Dialog DLL:      TCM.DLL V1.53.0.0
 
<h2>Project:</h2>
E:\git\osciloscpoe\test8\MDK-ARM\test8.uvprojx
Project File Date:  12/29/2022

<h2>Output:</h2>
*** Using Compiler 'V5.06 update 7 (build 960)', folder: 'C:\Keil_v5\ARM\ARMCC\Bin'
Build target 'test8'
compiling main.c...
../Core/Inc/ili9341.h(156): warning:  #1295-D: Deprecated declaration Net - give arg types
  void Net();
../Core/Inc/ili9341.h(158): warning:  #1-D: last line of file ends without a newline
  void TFT_Draw_Line(int16_t x1, int16_t y1, int16_t x2, int16_t y2, uint16_t color);
../Core/Src/main.c(113): warning:  #1295-D: Deprecated declaration OSC_Process_Samples - give arg types
  void OSC_Process_Samples();
../Core/Src/main.c(114): warning:  #1295-D: Deprecated declaration OSC_Draw_Samples - give arg types
  void OSC_Draw_Samples();
../Core/Src/main.c(115): warning:  #1295-D: Deprecated declaration OSC_Clear_Screen - give arg types
  void OSC_Clear_Screen();
../Core/Src/main.c(116): warning:  #1295-D: Deprecated declaration adc_input - give arg types
  void adc_input();
../Core/Src/main.c(117): warning:  #1295-D: Deprecated declaration encoder - give arg types
  void encoder();
../Core/Src/main.c(118): warning:  #1295-D: Deprecated declaration Start_Ecran - give arg types
  void Start_Ecran();
../Core/Src/main.c(181): warning:  #177-D: variable "f"  was declared but never referenced
      uint16_t f = 0;
../Core/Src/main.c: 9 warnings, 0 errors
linking...
Program Size: Code=12830 RO-data=510 RW-data=120 ZI-data=8360  
FromELF: creating hex file...
"test8\test8.axf" - 0 Error(s), 9 Warning(s).

<h2>Software Packages used:</h2>

Package Vendor: ARM
                http://www.keil.com/pack/ARM.CMSIS.5.8.0.pack
                ARM.CMSIS.5.8.0
                CMSIS (Common Microcontroller Software Interface Standard)
   * Component: CORE Version: 5.5.0

Package Vendor: Keil
                http://www.keil.com/pack/Keil.STM32F4xx_DFP.2.16.0.pack
                Keil.STM32F4xx_DFP.2.16.0
                STMicroelectronics STM32F4 Series Device Support, Drivers and Examples

<h2>Collection of Component include folders:</h2>
  .\RTE\_test8
  C:\Users\√ÓÒÔÓ‰ËÌ\AppData\Local\Arm\Packs\ARM\CMSIS\5.8.0\CMSIS\Core\Include
  C:\Users\√ÓÒÔÓ‰ËÌ\AppData\Local\Arm\Packs\Keil\STM32F4xx_DFP\2.16.0\Drivers\CMSIS\Device\ST\STM32F4xx\Include

<h2>Collection of Component Files used:</h2>

   * Component: ARM::CMSIS:CORE:5.5.0
Build Time Elapsed:  00:00:02
</pre>
</body>
</html>
